interactions:
- request:
    body: null
    headers:
      X-Uber-User-Agent: [!!python/unicode Python Rides SDK v0.3.0]
    method: GET
    uri: https://sandbox-api.uber.com/v1.2/me
  response:
    body: {string: !!python/unicode '{"picture":"https:\/\/d1w2poirtb3as9.cloudfront.net\/f3be498cb0bbf570aa3d.jpeg","first_name":"Uber","last_name":"Developer","uuid":"f4a416e3-6016-4623-8ec9-d5ee105a6e27","rider_id":"8OlTlUG1TyeAQf1JiBZZdkKxuSSOUwu2IkO0Hf9d2HV52Pm25A0NvsbmbnZr85tLVi-s8CckpBK8Eq0Nke4X-no3AcSHfeVh6J5O6LiQt5LsBZDSi4qyVUdSLeYDnTtirw==","email":"uberdevelopers@gmail.com","mobile_verified":true,"promo_code":"uberd340ue"}'}
    headers:
      connection: [keep-alive]
      content-language: [en]
      content-length: ['400']
      content-type: [application/json]
      date: ['Thu, 20 Oct 2016 08:28:33 GMT']
      etag: ['"97ce42cf42a0c9c030421237f8ce7a28c0c1494f"']
      server: [nginx]
      strict-transport-security: [max-age=0]
      x-content-type-options: [nosniff]
      x-uber-app: [uberex-sandbox, migrator-uberex-sandbox-optimus]
      x-xss-protection: [1; mode=block]
    status: {code: 200, message: OK}
- request:
    body: null
    headers:
      X-Uber-User-Agent: [!!python/unicode Python Rides SDK v0.3.0]
    method: GET
    uri: https://sandbox-api.uber.com/v1.2/me
  response:
    body: {string: !!python/unicode '{"picture":"https:\/\/d1w2poirtb3as9.cloudfront.net\/f3be498cb0bbf570aa3d.jpeg","first_name":"Uber","last_name":"Developer","uuid":"f4a416e3-6016-4623-8ec9-d5ee105a6e27","rider_id":"8OlTlUG1TyeAQf1JiBZZdkKxuSSOUwu2IkO0Hf9d2HV52Pm25A0NvsbmbnZr85tLVi-s8CckpBK8Eq0Nke4X-no3AcSHfeVh6J5O6LiQt5LsBZDSi4qyVUdSLeYDnTtirw==","email":"uberdevelopers@gmail.com","mobile_verified":true,"promo_code":"uberd340ue"}'}
    headers:
      connection: [keep-alive]
      content-language: [en]
      content-length: ['400']
      content-type: [application/json]
      date: ['Thu, 20 Oct 2016 08:41:38 GMT']
      etag: ['"97ce42cf42a0c9c030421237f8ce7a28c0c1494f"']
      server: [nginx]
      strict-transport-security: [max-age=0]
      x-content-type-options: [nosniff]
      x-uber-app: [uberex-sandbox, migrator-uberex-sandbox-optimus]
      x-xss-protection: [1; mode=block]
    status: {code: 200, message: OK}
- request:
    body: null
    headers:
      X-Uber-User-Agent: [!!python/unicode Python Rides SDK v0.3.0]
    method: GET
    uri: https://sandbox-api.uber.com/v1.2/me
  response:
    body: {string: !!python/unicode '{"picture":"https:\/\/d1w2poirtb3as9.cloudfront.net\/f3be498cb0bbf570aa3d.jpeg","first_name":"Uber","last_name":"Developer","uuid":"f4a416e3-6016-4623-8ec9-d5ee105a6e27","rider_id":"8OlTlUG1TyeAQf1JiBZZdkKxuSSOUwu2IkO0Hf9d2HV52Pm25A0NvsbmbnZr85tLVi-s8CckpBK8Eq0Nke4X-no3AcSHfeVh6J5O6LiQt5LsBZDSi4qyVUdSLeYDnTtirw==","email":"uberdevelopers@gmail.com","mobile_verified":true,"promo_code":"uberd340ue"}'}
    headers:
      connection: [keep-alive]
      content-language: [en]
      content-length: ['400']
      content-type: [application/json]
      date: ['Thu, 20 Oct 2016 08:48:06 GMT']
      etag: ['"97ce42cf42a0c9c030421237f8ce7a28c0c1494f"']
      server: [nginx]
      strict-transport-security: [max-age=0]
      x-content-type-options: [nosniff]
      x-uber-app: [uberex-sandbox, migrator-uberex-sandbox-optimus]
      x-xss-protection: [1; mode=block]
    status: {code: 200, message: OK}
- request:
    body: null
    headers:
      X-Uber-User-Agent: [!!python/unicode Python Rides SDK v0.3.0]
    method: GET
    uri: https://sandbox-api.uber.com/v1.2/me
  response:
    body: {string: !!python/unicode '{"picture":"https:\/\/d1w2poirtb3as9.cloudfront.net\/f3be498cb0bbf570aa3d.jpeg","first_name":"Uber","last_name":"Developer","uuid":"f4a416e3-6016-4623-8ec9-d5ee105a6e27","rider_id":"8OlTlUG1TyeAQf1JiBZZdkKxuSSOUwu2IkO0Hf9d2HV52Pm25A0NvsbmbnZr85tLVi-s8CckpBK8Eq0Nke4X-no3AcSHfeVh6J5O6LiQt5LsBZDSi4qyVUdSLeYDnTtirw==","email":"uberdevelopers@gmail.com","mobile_verified":true,"promo_code":"uberd340ue"}'}
    headers:
      connection: [keep-alive]
      content-language: [en]
      content-length: ['400']
      content-type: [application/json]
      date: ['Thu, 20 Oct 2016 08:49:31 GMT']
      etag: ['"97ce42cf42a0c9c030421237f8ce7a28c0c1494f"']
      server: [nginx]
      strict-transport-security: [max-age=0]
      x-content-type-options: [nosniff]
      x-uber-app: [uberex-sandbox, migrator-uberex-sandbox-optimus]
      x-xss-protection: [1; mode=block]
    status: {code: 200, message: OK}
version: 1
